# teleport-update
# DO NOT EDIT THIS FILE
[Unit]
Description=Teleport auto-update service

[Service]
Type=oneshot
ExecStart=/usr/local/teleport/test/bin/teleport-update --namespace=test update
